Context epoch 1/10: loss 4.0453, reused validation F1 0.3083
Context epoch 2/10: loss 2.7519, reused validation F1 0.3737
Context epoch 3/10: loss 2.6464, reused validation F1 0.4118
Context epoch 4/10: loss 2.6300, reused validation F1 0.3813
Context epoch 5/10: loss 2.5172, reused validation F1 0.4234
Context epoch 6/10: loss 2.4291, reused validation F1 0.3915
Context epoch 7/10: loss 2.3366, reused validation F1 0.3930
Context epoch 8/10: loss 2.2369, reused validation F1 0.3498
Context epoch 9/10: loss 2.2069, reused validation F1 0.3722
Context epoch 10/10: loss 2.1315, reused validation F1 0.3607
{
  "run_dir": "/home/zyliu/Documents/rna-stable-ai/results/pair_head_development_study_runs/20261007T013117.730433Z/components/20261006_stack/results/reference_runs/20261007T013153.730335Z",
  "dataset_id": "expanded_comparative_validation",
  "aggregates": [
    {
      "method": "trained_stack_sparse",
      "reference_kind": "computational",
      "planned_inputs": 35,
      "measured_inputs": 35,
      "missing_inputs": 0,
      "failed_inputs": 0,
      "status_counts": {
        "ok": 35
      },
      "mean_pair_precision": 0.3130687157130505,
      "mean_pair_recall": 0.3654230500728364,
      "mean_pair_f1": 0.3354511756117352
    },
    {
      "method": "trained_stack_sparse",
      "reference_kind": "experimental",
      "planned_inputs": 12,
      "measured_inputs": 12,
      "missing_inputs": 0,
      "failed_inputs": 0,
      "status_counts": {
        "ok": 12
      },
      "mean_pair_precision": 0.6369725182225182,
      "mean_pair_recall": 0.7317821067821068,
      "mean_pair_f1": 0.6798373793962029
    },
    {
      "method": "untrained_stack_sparse",
      "reference_kind": "computational",
      "planned_inputs": 35,
      "measured_inputs": 35,
      "missing_inputs": 0,
      "failed_inputs": 0,
      "status_counts": {
        "ok": 35
      },
      "mean_pair_precision": 0.060399103400330945,
      "mean_pair_recall": 0.06777999250591034,
      "mean_pair_f1": 0.06382743292847529
    },
    {
      "method": "untrained_stack_sparse",
      "reference_kind": "experimental",
      "planned_inputs": 12,
      "measured_inputs": 12,
      "missing_inputs": 0,
      "failed_inputs": 0,
      "status_counts": {
        "ok": 12
      },
      "mean_pair_precision": 0.3075727513227513,
      "mean_pair_recall": 0.3611111111111111,
      "mean_pair_f1": 0.33154372860255216
    }
  ]
}

STDERR:
