Pool search random_pool: native step0/8
Pool search random_pool: native step1/8
Pool search random_pool: native step2/8
Pool search random_pool: native step3/8
Pool search random_pool: native step4/8
Pool search random_pool: native step5/8
Pool search random_pool: native step6/8
Pool search random_pool: native step7/8
Pool search random_pool: native step8/8
Pool search compatibility_only: native step0/8
Pool search compatibility_only: native step1/8
Pool search compatibility_only: native step2/8
Pool search compatibility_only: native step3/8
Pool search compatibility_only: native step4/8
Pool search compatibility_only: native step5/8
Pool search compatibility_only: native step6/8
Pool search compatibility_only: native step7/8
Pool search compatibility_only: native step8/8
Pool search checkpoint_prior: native step0/8
Pool search checkpoint_prior: native step1/8
Pool search checkpoint_prior: native step2/8
Pool search checkpoint_prior: native step3/8
Pool search checkpoint_prior: native step4/8
Pool search checkpoint_prior: native step5/8
Pool search checkpoint_prior: native step6/8
Pool search checkpoint_prior: native step7/8
Pool search checkpoint_prior: native step8/8
{
  "cost_accounting": {
    "native": {
      "unique_requests": 33,
      "completed_requests": 33,
      "unknown_requests": 0,
      "known_native_wall_seconds": 298.430800902,
      "current_invocation_callbacks": 33,
      "current_invocation_cache_hits": 0,
      "total_cost_known": true
    },
    "completed_proxy_calls_across_attempts": 128,
    "known_proxy_wall_seconds_across_attempts": 1.2347847219999721,
    "incomplete_attempts": 0,
    "proxy_cost_policy": "Completed scorer calls across all attempts; incomplete attempts may have additional unknown work. Pool ranking wall includes scoring and journal writes; audit replay costs excluded."
  },
  "input_id": "synthetic_10000",
  "seed": 20261006,
  "complete": true,
  "run_dir": "/home/zyliu/Documents/rna-stable-ai/results/checkpoint_prior_pilot_runs/20261007T010429.831742Z",
  "test_accuracy_evaluated": false,
  "model_fitted": false,
  "manifest_sha256": "e3a9f0230f954207e2cf3e51bd63c9f4b2990f846f5b970b98a8b9fd5ed84d0d",
  "artifact_sha256": {
    "folds.json": "f3e18fba4d4bc9c36988dde035528fba695383f26a230eaa4c7bab36f82d86fa",
    "native_journal/checkpoint_prior_baseline_0000.json": "abc3654056413874eac016ab24522113bd22e68a32da66ed139cc7a54edf2cb4",
    "native_journal/checkpoint_prior_proposal_0001.json": "5b77e0c798198afc23d005eba3fa0fa9a85d2e7ef36fa95a1d6645daa01d686a",
    "native_journal/checkpoint_prior_proposal_0002.json": "f3a2b15e7f75feb4a008fed0e1d73cf80fc77198cc2ef12a765bf9dd990cac66",
    "native_journal/checkpoint_prior_proposal_0003.json": "9ab9c877f2d9ad0ed7d0d73e13c917129cd37ac951680ece38b921dd749c1fa2",
    "native_journal/checkpoint_prior_proposal_0004.json": "fd940d43519bce089a2993d8879c3dfb45edf1895a9f51469420c8a9a5a8ca41",
    "native_journal/checkpoint_prior_proposal_0005.json": "b914254e7abb02cbad4d7f902bfa2c3e7d4c84245113949b11b138f1e5ca78e0",
    "native_journal/checkpoint_prior_proposal_0006.json": "1ec81124604d9706631b061934e530bd0ac92eae98807e42179ba44b19607e45",
    "native_journal/checkpoint_prior_proposal_0007.json": "4de7d62e229ac42cb26f9172885a9cc70790a905bbebf3b524235dfadc54a09c",
    "native_journal/checkpoint_prior_proposal_0008.json": "48865b0745a674654ef113fef9cf49c4b9c286db0fcb3a285244f626a34de438",
    "native_journal/checkpoint_prior_validation_finalist_0000.json": "4c19920ddea315b94fb49ffe9514d425607362a11285515f1692ee3e512dc580",
    "native_journal/checkpoint_prior_validation_input_0000.json": "6e3a59ba8a6005aa12af794e78dada068a541655016ea649c6f129a078e499b5",
    "native_journal/compatibility_only_baseline_0000.json": "e3d793537915ff74089fe3bda08348fcbae8be92d365d7368ddfa2a0a6d76d60",
    "native_journal/compatibility_only_proposal_0001.json": "c05070d529914f698a49564f3d8dc7e48cf0e589cb7c050dad934b6b29810c9c",
    "native_journal/compatibility_only_proposal_0002.json": "0a95d3a6b60479a64a0168e8bb622892531588654c1833b94e3bbcf5fca5e78e",
    "native_journal/compatibility_only_proposal_0003.json": "c9417ee7902682d2d4fc61388816d6eef7edf84bff38901bbe43720e24e6afd3",
    "native_journal/compatibility_only_proposal_0004.json": "29cf2f58fa4905dc07dc2463660d3773207a03d68ae06a85a425213b7817b9a0",
    "native_journal/compatibility_only_proposal_0005.json": "771e60bab122b4fdd4f5cf3491f62e6a533de0aa91980dd240db3c0a2cc5cfbd",
    "native_journal/compatibility_only_proposal_0006.json": "dca2ff5e38e3f87a3b282a71986f6611036e9f80a24cc702ffff50d311069544",
    "native_journal/compatibility_only_proposal_0007.json": "b297e88b8de4b6c202ea49c8b3582079ed7cc000c2fbe1c301fdbaa7eacab193",
    "native_journal/compatibility_only_proposal_0008.json": "c9ae511fdecdb4b26570fe0a0ee673889f61228d6068b3e30beceea97a130e41",
    "native_journal/compatibility_only_validation_finalist_0000.json": "4b32140595dd4f98834afd830ae88f03dea199054b2684f2da0427c0511f951b",
    "native_journal/compatibility_only_validation_input_0000.json": "bbf08b07773615e482933259c39054dab461cfd1c78e651eaa02e46c914ac7b2",
    "native_journal/random_pool_baseline_0000.json": "79f04f141ad1157eb2d5afafbe760c897e8d6a100edf3a406a5853becc851415",
    "native_journal/random_pool_proposal_0001.json": "dff7ebd9929afe306dc4d17a86e6b09cbf8739985cb047c248c4dd21dde5ce44",
    "native_journal/random_pool_proposal_0002.json": "3d1c4e6745de22b42a1ccd428f363a28d74f313b783fd81bf32f13f4dc76554c",
    "native_journal/random_pool_proposal_0003.json": "8ce2fac87d2c66684001bb7e4a76ef2f4fe2b2005b9af4ec207d58d241ab3994",
    "native_journal/random_pool_proposal_0004.json": "5ead57890de2f07f41eeaed75d26be0dc93b1157af08baa56a1d6d97a2d43e91",
    "native_journal/random_pool_proposal_0005.json": "4057cb9f6decc058112944f4e26797bf43ceb2e605d1bae8d747502db54deb25",
    "native_journal/random_pool_proposal_0006.json": "b5a4f81f069843fb688dd54a31fc688d6ef06c379d24231a6bcbca99c140b754",
    "native_journal/random_pool_proposal_0007.json": "9edd3a01cf9316ee3c031e1d86d4e416db1bce57ad155b212c1fbb60938565b4",
    "native_journal/random_pool_proposal_0008.json": "81d32a4306a183b2f98549c8761bc4a9e12382177c4bc006bc3450d512121b31",
    "native_journal/random_pool_validation_finalist_0000.json": "e4bb855800b9cbaf09a18f5c2bd08c7f970e88096cce1c848860be5487a684dc",
    "native_journal/random_pool_validation_input_0000.json": "460d0f705acd57f8bea675456de5085dcdd82ed0eefc29c0c83d713c4788cc70",
    "attempts/20261007T010430.871621Z.json": "07fb9534d6effed6b28a2c3e3f88917f357d2ac8b48f15bb17f39042fdcd7f2f",
    "random_pool/result.json": "ee7b06ffbea0b469dd82c6a67c7652451f9bcf88c3baeb40d11ca4f65ba1c6d6",
    "compatibility_only/result.json": "ce4b0b920711e95e473cde1fb8bb0806c019895a7b824362ed7bf2f065aaa459",
    "checkpoint_prior/result.json": "2d0f21034cf0011303766396bbeb75e7da7e051a848c1c2cdea060eb39f0cea0",
    "random_pool/finalist.fasta": "8ac0058366154b6e547aca7812e270d174654994e9712c5198363d7bdab0254f",
    "random_pool/selected.fasta": "2300794d99a80e1822f5ef61e432aefd3d66cfb3ffc37d3f6fa74627365700dd",
    "compatibility_only/finalist.fasta": "8ca5decbab0259b290d31d889474a217c8ba96857655174b2df26322eb5de28a",
    "compatibility_only/selected.fasta": "08ae85a7069bbffeff276ff849033adae976f03c400f7df150a9aca12cdb6604",
    "checkpoint_prior/finalist.fasta": "16b76787681bce410f0ac02b1f5848135dd9ba48deacfdee9e4338a17e7ba640",
    "checkpoint_prior/selected.fasta": "238fead70935498c83f8524e160c62adcfd5fa549f5b2ee861b41364f49a41b8"
  },
  "exposure_events": [
    {
      "policy": "all",
      "step": 0,
      "event": {
        "path": "/home/zyliu/Documents/rna-stable-ai/results/checkpoint_prior_pilot_runs/20261007T010429.831742Z/exposures/20261007T010430.885185Z.json",
        "sha256": "64565c9ee95b53342346702da7bd2b9abe79fe2ed0f04ceea55784458c21b582",
        "stage": "validation_started"
      }
    },
    {
      "policy": "random_pool",
      "step": 1,
      "event": {
        "path": "/home/zyliu/Documents/rna-stable-ai/results/checkpoint_prior_pilot_runs/20261007T010429.831742Z/exposures/20261007T010435.244261Z.json",
        "sha256": "cbafa7dae582f00b3937d7b0493e2a059eb6cf341bafd74b92a7694ab551140c",
        "stage": "test_started"
      }
    },
    {
      "policy": "random_pool",
      "step": 2,
      "event": {
        "path": "/home/zyliu/Documents/rna-stable-ai/results/checkpoint_prior_pilot_runs/20261007T010429.831742Z/exposures/20261007T010439.610509Z.json",
        "sha256": "05a439f9a92635015866736702e1969fcfb4ce4a1f4cc404bd80d6607701ac6b",
        "stage": "test_started"
      }
    },
    {
      "policy": "random_pool",
      "step": 3,
      "event": {
        "path": "/home/zyliu/Documents/rna-stable-ai/results/checkpoint_prior_pilot_runs/20261007T010429.831742Z/exposures/20261007T010443.977396Z.json",
        "sha256": "5aca8c4b0e16d25b3a3ccd366829125251876634bf903f4791831c4eafc6ee12",
        "stage": "test_started"
      }
    },
    {
      "policy": "random_pool",
      "step": 4,
      "event": {
        "path": "/home/zyliu/Documents/rna-stable-ai/results/checkpoint_prior_pilot_runs/20261007T010429.831742Z/exposures/20261007T010448.448745Z.json",
        "sha256": "891a8773e42717009bf0357ace332243dc1db007588d344959b424608ce10239",
        "stage": "test_started"
      }
    },
    {
      "policy": "random_pool",
      "step": 5,
      "event": {
        "path": "/home/zyliu/Documents/rna-stable-ai/results/checkpoint_prior_pilot_runs/20261007T010429.831742Z/exposures/20261007T010452.873375Z.json",
        "sha256": "50d4a0f34c2b532ecd81b66f1926e71ec797b3e667e65f9b63247b2ae87ea400",
        "stage": "test_started"
      }
    },
    {
      "policy": "random_pool",
      "step": 6,
      "event": {
        "path": "/home/zyliu/Documents/rna-stable-ai/results/checkpoint_prior_pilot_runs/20261007T010429.831742Z/exposures/20261007T010457.198201Z.json",
        "sha256": "414c5839d57f2a609c7a9b1738dc80f9ec855a0e5bebf6da83d48735dea916fc",
        "stage": "test_started"
      }
    },
    {
      "policy": "random_pool",
      "step": 7,
      "event": {
        "path": "/home/zyliu/Documents/rna-stable-ai/results/checkpoint_prior_pilot_runs/20261007T010429.831742Z/exposures/20261007T010501.573962Z.json",
        "sha256": "88f878389f2981ef0a0d709bb21414712e6265f5d064a16a94e93fd41b74974e",
        "stage": "test_started"
      }
    },
    {
      "policy": "random_pool",
      "step": 8,
      "event": {
        "path": "/home/zyliu/Documents/rna-stable-ai/results/checkpoint_prior_pilot_runs/20261007T010429.831742Z/exposures/20261007T010505.952664Z.json",
        "sha256": "baf02e1e712144b4eb87527f75e213d05bd7a6c717211b8f64a04dc475f43345",
        "stage": "test_started"
      }
    },
    {
      "policy": "compatibility_only",
      "step": 1,
      "event": {
        "path": "/home/zyliu/Documents/rna-stable-ai/results/checkpoint_prior_pilot_runs/20261007T010429.831742Z/exposures/20261007T010435.244261Z.json",
        "sha256": "cbafa7dae582f00b3937d7b0493e2a059eb6cf341bafd74b92a7694ab551140c",
        "stage": "test_started"
      }
    },
    {
      "policy": "compatibility_only",
      "step": 2,
      "event": {
        "path": "/home/zyliu/Documents/rna-stable-ai/results/checkpoint_prior_pilot_runs/20261007T010429.831742Z/exposures/20261007T010619.415337Z.json",
        "sha256": "62cc6534926c9c81e5646f235900033da179140e6773902f09de1d8e039a773f",
        "stage": "test_started"
      }
    },
    {
      "policy": "compatibility_only",
      "step": 3,
      "event": {
        "path": "/home/zyliu/Documents/rna-stable-ai/results/checkpoint_prior_pilot_runs/20261007T010429.831742Z/exposures/20261007T010624.010648Z.json",
        "sha256": "3b97dfbfbaf0b1e3c3e9bc42d4c753b2b91fe7e434e055f45edbeeb46e58ef27",
        "stage": "test_started"
      }
    },
    {
      "policy": "compatibility_only",
      "step": 4,
      "event": {
        "path": "/home/zyliu/Documents/rna-stable-ai/results/checkpoint_prior_pilot_runs/20261007T010429.831742Z/exposures/20261007T010628.609267Z.json",
        "sha256": "5e6a4e85bf80f636c42f5253b904631c0d12961d73a862257fcb4064b92384ac",
        "stage": "test_started"
      }
    },
    {
      "policy": "compatibility_only",
      "step": 5,
      "event": {
        "path": "/home/zyliu/Documents/rna-stable-ai/results/checkpoint_prior_pilot_runs/20261007T010429.831742Z/exposures/20261007T010633.063992Z.json",
        "sha256": "a4322e50436d8a44d376ee027c138165888a06e3e497cdd4a7034c64fc3e4a3f",
        "stage": "test_started"
      }
    },
    {
      "policy": "compatibility_only",
      "step": 6,
      "event": {
        "path": "/home/zyliu/Documents/rna-stable-ai/results/checkpoint_prior_pilot_runs/20261007T010429.831742Z/exposures/20261007T010637.511937Z.json",
        "sha256": "a560bd2d5a58378921fa6fed69daa26526aae7ff23314832083fd57b10637dd9",
        "stage": "test_started"
      }
    },
    {
      "policy": "compatibility_only",
      "step": 7,
      "event": {
        "path": "/home/zyliu/Documents/rna-stable-ai/results/checkpoint_prior_pilot_runs/20261007T010429.831742Z/exposures/20261007T010641.967574Z.json",
        "sha256": "8e524cc5640da67347d2a57c16f931c3c4c8a1863fe133b4895b1494085acdbe",
        "stage": "test_started"
      }
    },
    {
      "policy": "compatibility_only",
      "step": 8,
      "event": {
        "path": "/home/zyliu/Documents/rna-stable-ai/results/checkpoint_prior_pilot_runs/20261007T010429.831742Z/exposures/20261007T010646.463915Z.json",
        "sha256": "c533cb453589aba8ddb333bb8f8e1f1716b651f8a574065d4c077d174f6420d1",
        "stage": "test_started"
      }
    },
    {
      "policy": "checkpoint_prior",
      "step": 1,
      "event": {
        "path": "/home/zyliu/Documents/rna-stable-ai/results/checkpoint_prior_pilot_runs/20261007T010429.831742Z/exposures/20261007T010435.244261Z.json",
        "sha256": "cbafa7dae582f00b3937d7b0493e2a059eb6cf341bafd74b92a7694ab551140c",
        "stage": "test_started"
      }
    },
    {
      "policy": "checkpoint_prior",
      "step": 2,
      "event": {
        "path": "/home/zyliu/Documents/rna-stable-ai/results/checkpoint_prior_pilot_runs/20261007T010429.831742Z/exposures/20261007T010619.415337Z.json",
        "sha256": "62cc6534926c9c81e5646f235900033da179140e6773902f09de1d8e039a773f",
        "stage": "test_started"
      }
    },
    {
      "policy": "checkpoint_prior",
      "step": 3,
      "event": {
        "path": "/home/zyliu/Documents/rna-stable-ai/results/checkpoint_prior_pilot_runs/20261007T010429.831742Z/exposures/20261007T010804.909627Z.json",
        "sha256": "26750a1f99cf840404a1bdea2b66d1f821822b9015a2ec7afe555cb33099021d",
        "stage": "test_started"
      }
    },
    {
      "policy": "checkpoint_prior",
      "step": 4,
      "event": {
        "path": "/home/zyliu/Documents/rna-stable-ai/results/checkpoint_prior_pilot_runs/20261007T010429.831742Z/exposures/20261007T010809.796628Z.json",
        "sha256": "c5cc757891bdbc5291e3ab19bd19ccecc8c31a3f048ac715c3307651cc6beec3",
        "stage": "test_started"
      }
    },
    {
      "policy": "checkpoint_prior",
      "step": 5,
      "event": {
        "path": "/home/zyliu/Documents/rna-stable-ai/results/checkpoint_prior_pilot_runs/20261007T010429.831742Z/exposures/20261007T010814.737046Z.json",
        "sha256": "2460e7231ec44bad10648a1021424514df6450868e4c9f34f0c8187e39df4c10",
        "stage": "test_started"
      }
    },
    {
      "policy": "checkpoint_prior",
      "step": 6,
      "event": {
        "path": "/home/zyliu/Documents/rna-stable-ai/results/checkpoint_prior_pilot_runs/20261007T010429.831742Z/exposures/20261007T010819.778694Z.json",
        "sha256": "dccbc96d601b0f5b5fafd2c6c4ce7be150d4d0beb700d9bacbddfd2ffc8958e2",
        "stage": "test_started"
      }
    },
    {
      "policy": "checkpoint_prior",
      "step": 7,
      "event": {
        "path": "/home/zyliu/Documents/rna-stable-ai/results/checkpoint_prior_pilot_runs/20261007T010429.831742Z/exposures/20261007T010824.764318Z.json",
        "sha256": "17ff5f8725de09fa68f0dd515b94ae4de5d6726d58153ebceb9a6bb455bb8b15",
        "stage": "test_started"
      }
    },
    {
      "policy": "checkpoint_prior",
      "step": 8,
      "event": {
        "path": "/home/zyliu/Documents/rna-stable-ai/results/checkpoint_prior_pilot_runs/20261007T010429.831742Z/exposures/20261007T010829.907030Z.json",
        "sha256": "928047a72f78d6d427050f364c1652f0ad8fcc3b67a279b07de05221f05108f1",
        "stage": "test_started"
      }
    }
  ],
  "rows": [
    {
      "policy": "random_pool",
      "planned_proposal_folds": 8,
      "attempted_proposal_folds": 8,
      "successful_proposal_folds": 8,
      "pool_candidates": 128,
      "proxy_evaluations": 0,
      "accepted_steps": 4,
      "search_status": "completed",
      "linearfold_delta_kcal_mol": -14.300000000000182,
      "selection_source": "input",
      "selection_reason": "validation_failed",
      "candidate_vienna_delta_kcal_mol": null,
      "selected_vienna_delta_kcal_mol": null,
      "selected_mutations": 0,
      "proxy_wall_seconds": 0.07618471699993279
    },
    {
      "policy": "compatibility_only",
      "planned_proposal_folds": 8,
      "attempted_proposal_folds": 8,
      "successful_proposal_folds": 8,
      "pool_candidates": 128,
      "proxy_evaluations": 0,
      "accepted_steps": 6,
      "search_status": "completed",
      "linearfold_delta_kcal_mol": -49.70000000000027,
      "selection_source": "input",
      "selection_reason": "validation_failed",
      "candidate_vienna_delta_kcal_mol": null,
      "selected_vienna_delta_kcal_mol": null,
      "selected_mutations": 0,
      "proxy_wall_seconds": 0.07950649799988696
    },
    {
      "policy": "checkpoint_prior",
      "planned_proposal_folds": 8,
      "attempted_proposal_folds": 8,
      "successful_proposal_folds": 8,
      "pool_candidates": 128,
      "proxy_evaluations": 128,
      "accepted_steps": 4,
      "search_status": "completed",
      "linearfold_delta_kcal_mol": -36.0,
      "selection_source": "input",
      "selection_reason": "validation_failed",
      "candidate_vienna_delta_kcal_mol": null,
      "selected_vienna_delta_kcal_mol": null,
      "selected_mutations": 0,
      "proxy_wall_seconds": 2.91206109999996
    }
  ],
  "native_request_counts": {
    "random_pool": {
      "baseline": 1,
      "proposal": 8,
      "validation_input": 1,
      "validation_finalist": 1
    },
    "compatibility_only": {
      "baseline": 1,
      "proposal": 8,
      "validation_input": 1,
      "validation_finalist": 1
    },
    "checkpoint_prior": {
      "baseline": 1,
      "proposal": 8,
      "validation_input": 1,
      "validation_finalist": 1
    }
  },
  "equal_native_proposal_budget_measured": true,
  "limitations": [
    "One exposed synthetic input/one search seed per component; no fresh test, generalization or biological stability claim.",
    "Pair logits are proposal-ranking proxies, not folding energy; native tools decide acceptance/selection.",
    "Neural arm adds128 potential proxy calls beyond matched native requests; wall/costs are not assumed equal.",
    "Original-template compatibility is a control/prior, not proof of retained biological function."
  ]
}
