Context epoch 1/10: loss 4.2053, reused validation F1 0.3792
Context epoch 2/10: loss 2.8063, reused validation F1 0.3748
Context epoch 3/10: loss 2.6892, reused validation F1 0.3285
Context epoch 4/10: loss 2.6204, reused validation F1 0.3933
Context epoch 5/10: loss 2.5997, reused validation F1 0.3530
Context epoch 6/10: loss 2.4795, reused validation F1 0.2762
Context epoch 7/10: loss 2.4335, reused validation F1 0.2403
Context epoch 8/10: loss 2.4431, reused validation F1 0.2857
Context epoch 9/10: loss 2.3511, reused validation F1 0.3016
Context epoch 10/10: loss 2.2853, reused validation F1 0.2620
{
  "run_dir": "/home/zyliu/Documents/rna-stable-ai/results/pair_head_development_study_runs/20261007T013117.730433Z/components/20261008_baseline/results/reference_runs/20261007T013337.136969Z",
  "dataset_id": "expanded_comparative_validation",
  "aggregates": [
    {
      "method": "trained_exact_sparse",
      "reference_kind": "computational",
      "planned_inputs": 35,
      "measured_inputs": 35,
      "missing_inputs": 0,
      "failed_inputs": 0,
      "status_counts": {
        "ok": 35
      },
      "mean_pair_precision": 0.28923143279138736,
      "mean_pair_recall": 0.3332062645238249,
      "mean_pair_f1": 0.305883590010645
    },
    {
      "method": "trained_exact_sparse",
      "reference_kind": "experimental",
      "planned_inputs": 12,
      "measured_inputs": 12,
      "missing_inputs": 0,
      "failed_inputs": 0,
      "status_counts": {
        "ok": 12
      },
      "mean_pair_precision": 0.6068946793946793,
      "mean_pair_recall": 0.698051948051948,
      "mean_pair_f1": 0.6480803716285569
    },
    {
      "method": "untrained_exact_sparse",
      "reference_kind": "computational",
      "planned_inputs": 35,
      "measured_inputs": 35,
      "missing_inputs": 0,
      "failed_inputs": 0,
      "status_counts": {
        "ok": 35
      },
      "mean_pair_precision": 0.0,
      "mean_pair_recall": 0.0,
      "mean_pair_f1": 0.0
    },
    {
      "method": "untrained_exact_sparse",
      "reference_kind": "experimental",
      "planned_inputs": 12,
      "measured_inputs": 12,
      "missing_inputs": 0,
      "failed_inputs": 0,
      "status_counts": {
        "ok": 12
      },
      "mean_pair_precision": 0.0,
      "mean_pair_recall": 0.0,
      "mean_pair_f1": 0.0
    }
  ]
}

STDERR:
