Replica 1/6: input 0, seed 20261006
Checkpoint-prior audit passed:3 exact constrained trajectories, 33 raw native folds, pool/checkpoint logits, selections, exposures and budget denominators verified. No accuracy test or fitting.
Replica 2/6: input 0, seed 20261007
Checkpoint-prior audit passed:3 exact constrained trajectories, 33 raw native folds, pool/checkpoint logits, selections, exposures and budget denominators verified. No accuracy test or fitting.
Replica 3/6: input 1, seed 20261006
Checkpoint-prior audit passed:3 exact constrained trajectories, 33 raw native folds, pool/checkpoint logits, selections, exposures and budget denominators verified. No accuracy test or fitting.
Replica 4/6: input 1, seed 20261007
Checkpoint-prior audit passed:3 exact constrained trajectories, 33 raw native folds, pool/checkpoint logits, selections, exposures and budget denominators verified. No accuracy test or fitting.
Replica 5/6: input 2, seed 20261006
Checkpoint-prior audit passed:3 exact constrained trajectories, 33 raw native folds, pool/checkpoint logits, selections, exposures and budget denominators verified. No accuracy test or fitting.
Replica 6/6: input 2, seed 20261007
Checkpoint-prior audit passed:3 exact constrained trajectories, 33 raw native folds, pool/checkpoint logits, selections, exposures and budget denominators verified. No accuracy test or fitting.
{
  "complete": true,
  "run_dir": "/home/zyliu/Documents/rna-stable-ai/results/checkpoint_prior_replication_runs/20261007T005714.695875Z",
  "plan": [
    {
      "input_index": 0,
      "seed": 20261006
    },
    {
      "input_index": 0,
      "seed": 20261007
    },
    {
      "input_index": 1,
      "seed": 20261006
    },
    {
      "input_index": 1,
      "seed": 20261007
    },
    {
      "input_index": 2,
      "seed": 20261006
    },
    {
      "input_index": 2,
      "seed": 20261007
    }
  ],
  "test_accuracy_evaluated": false,
  "model_fitted": false,
  "manifest_sha256": "b6ae283495005afba87d96c8b5cb5c6cf29543d1d0d469624ad26e5a7bb2c694",
  "components": [
    {
      "summary": "/home/zyliu/Documents/rna-stable-ai/results/checkpoint_prior_pilot_runs/20261007T005714.846113Z/summary.json",
      "sha256": "a6d2974bdcc38eb200aa3849ec77c087018f07b9632adcbf07351dd68f158a5c"
    },
    {
      "summary": "/home/zyliu/Documents/rna-stable-ai/results/checkpoint_prior_pilot_runs/20261007T005735.886952Z/summary.json",
      "sha256": "8158bf849e57b2143e25171e0ad696316c7f9f52f0deca4dbfcda0d81d110b5b"
    },
    {
      "summary": "/home/zyliu/Documents/rna-stable-ai/results/checkpoint_prior_pilot_runs/20261007T005756.151925Z/summary.json",
      "sha256": "834838930865da2257eb0c10b5fc2a31acd27adce61badb4e82751f341948ac6"
    },
    {
      "summary": "/home/zyliu/Documents/rna-stable-ai/results/checkpoint_prior_pilot_runs/20261007T010113.362643Z/summary.json",
      "sha256": "5f201fb2090ef20fe7c604e5df2ed7a253d7aedb8565aa6b01fc750a80f1b254"
    },
    {
      "summary": "/home/zyliu/Documents/rna-stable-ai/results/checkpoint_prior_pilot_runs/20261007T010429.831742Z/summary.json",
      "sha256": "a5557fea2b994fce11ddaf4b118629ecb8c24f1a702ff509c96ee3ddd7f4f830"
    },
    {
      "summary": "/home/zyliu/Documents/rna-stable-ai/results/checkpoint_prior_pilot_runs/20261007T010937.627482Z/summary.json",
      "sha256": "7325093c5c98aad960e7631a71fd80dcc6280405ca252debb07a823652607b59"
    }
  ],
  "rows": [
    {
      "input_id": "synthetic_1000",
      "seed": 20261006,
      "policy": "random_pool",
      "planned_proposal_folds": 8,
      "attempted_proposal_folds": 8,
      "successful_proposal_folds": 8,
      "pool_candidates": 128,
      "proxy_evaluations": 0,
      "accepted_steps": 6,
      "search_status": "completed",
      "linearfold_delta_kcal_mol": -15.299999999999955,
      "selection_source": "finalist",
      "selection_reason": "confirmed_improvement",
      "candidate_vienna_delta_kcal_mol": -11.0,
      "selected_vienna_delta_kcal_mol": -11.0,
      "selected_mutations": 12,
      "proxy_wall_seconds": 0.009656370000016068
    },
    {
      "input_id": "synthetic_1000",
      "seed": 20261006,
      "policy": "compatibility_only",
      "planned_proposal_folds": 8,
      "attempted_proposal_folds": 8,
      "successful_proposal_folds": 8,
      "pool_candidates": 128,
      "proxy_evaluations": 0,
      "accepted_steps": 4,
      "search_status": "completed",
      "linearfold_delta_kcal_mol": -12.299999999999955,
      "selection_source": "finalist",
      "selection_reason": "confirmed_improvement",
      "candidate_vienna_delta_kcal_mol": -8.400000000000034,
      "selected_vienna_delta_kcal_mol": -8.400000000000034,
      "selected_mutations": 8,
      "proxy_wall_seconds": 0.009572682999930748
    },
    {
      "input_id": "synthetic_1000",
      "seed": 20261006,
      "policy": "checkpoint_prior",
      "planned_proposal_folds": 8,
      "attempted_proposal_folds": 8,
      "successful_proposal_folds": 8,
      "pool_candidates": 128,
      "proxy_evaluations": 128,
      "accepted_steps": 7,
      "search_status": "completed",
      "linearfold_delta_kcal_mol": -22.799999999999955,
      "selection_source": "finalist",
      "selection_reason": "confirmed_improvement",
      "candidate_vienna_delta_kcal_mol": -18.5,
      "selected_vienna_delta_kcal_mol": -18.5,
      "selected_mutations": 14,
      "proxy_wall_seconds": 2.278500201999975
    },
    {
      "input_id": "synthetic_1000",
      "seed": 20261007,
      "policy": "random_pool",
      "planned_proposal_folds": 8,
      "attempted_proposal_folds": 8,
      "successful_proposal_folds": 8,
      "pool_candidates": 128,
      "proxy_evaluations": 0,
      "accepted_steps": 4,
      "search_status": "completed",
      "linearfold_delta_kcal_mol": -9.699999999999989,
      "selection_source": "finalist",
      "selection_reason": "confirmed_improvement",
      "candidate_vienna_delta_kcal_mol": -5.400000000000034,
      "selected_vienna_delta_kcal_mol": -5.400000000000034,
      "selected_mutations": 8,
      "proxy_wall_seconds": 0.009310249999998632
    },
    {
      "input_id": "synthetic_1000",
      "seed": 20261007,
      "policy": "compatibility_only",
      "planned_proposal_folds": 8,
      "attempted_proposal_folds": 8,
      "successful_proposal_folds": 8,
      "pool_candidates": 128,
      "proxy_evaluations": 0,
      "accepted_steps": 6,
      "search_status": "completed",
      "linearfold_delta_kcal_mol": -16.299999999999955,
      "selection_source": "finalist",
      "selection_reason": "confirmed_improvement",
      "candidate_vienna_delta_kcal_mol": -12.0,
      "selected_vienna_delta_kcal_mol": -12.0,
      "selected_mutations": 12,
      "proxy_wall_seconds": 0.008751840000002176
    },
    {
      "input_id": "synthetic_1000",
      "seed": 20261007,
      "policy": "checkpoint_prior",
      "planned_proposal_folds": 8,
      "attempted_proposal_folds": 8,
      "successful_proposal_folds": 8,
      "pool_candidates": 128,
      "proxy_evaluations": 128,
      "accepted_steps": 8,
      "search_status": "completed",
      "linearfold_delta_kcal_mol": -20.099999999999966,
      "selection_source": "finalist",
      "selection_reason": "confirmed_improvement",
      "candidate_vienna_delta_kcal_mol": -15.800000000000011,
      "selected_vienna_delta_kcal_mol": -15.800000000000011,
      "selected_mutations": 16,
      "proxy_wall_seconds": 2.1626021750000177
    },
    {
      "input_id": "synthetic_5000",
      "seed": 20261006,
      "policy": "random_pool",
      "planned_proposal_folds": 8,
      "attempted_proposal_folds": 8,
      "successful_proposal_folds": 8,
      "pool_candidates": 128,
      "proxy_evaluations": 0,
      "accepted_steps": 4,
      "search_status": "completed",
      "linearfold_delta_kcal_mol": -20.0,
      "selection_source": "input",
      "selection_reason": "no_reference_improvement",
      "candidate_vienna_delta_kcal_mol": 1.7999999999999545,
      "selected_vienna_delta_kcal_mol": 0.0,
      "selected_mutations": 0,
      "proxy_wall_seconds": 0.03936624800002164
    },
    {
      "input_id": "synthetic_5000",
      "seed": 20261006,
      "policy": "compatibility_only",
      "planned_proposal_folds": 8,
      "attempted_proposal_folds": 8,
      "successful_proposal_folds": 8,
      "pool_candidates": 128,
      "proxy_evaluations": 0,
      "accepted_steps": 3,
      "search_status": "completed",
      "linearfold_delta_kcal_mol": -2.7999999999999545,
      "selection_source": "finalist",
      "selection_reason": "confirmed_improvement",
      "candidate_vienna_delta_kcal_mol": -2.7000000000000455,
      "selected_vienna_delta_kcal_mol": -2.7000000000000455,
      "selected_mutations": 6,
      "proxy_wall_seconds": 0.041479493999986516
    },
    {
      "input_id": "synthetic_5000",
      "seed": 20261006,
      "policy": "checkpoint_prior",
      "planned_proposal_folds": 8,
      "attempted_proposal_folds": 8,
      "successful_proposal_folds": 8,
      "pool_candidates": 128,
      "proxy_evaluations": 128,
      "accepted_steps": 4,
      "search_status": "completed",
      "linearfold_delta_kcal_mol": -5.7999999999999545,
      "selection_source": "finalist",
      "selection_reason": "confirmed_improvement",
      "candidate_vienna_delta_kcal_mol": -6.900000000000091,
      "selected_vienna_delta_kcal_mol": -6.900000000000091,
      "selected_mutations": 8,
      "proxy_wall_seconds": 2.26752603999995
    },
    {
      "input_id": "synthetic_5000",
      "seed": 20261007,
      "policy": "random_pool",
      "planned_proposal_folds": 8,
      "attempted_proposal_folds": 8,
      "successful_proposal_folds": 8,
      "pool_candidates": 128,
      "proxy_evaluations": 0,
      "accepted_steps": 4,
      "search_status": "completed",
      "linearfold_delta_kcal_mol": -26.399999999999864,
      "selection_source": "input",
      "selection_reason": "no_reference_improvement",
      "candidate_vienna_delta_kcal_mol": 2.599999999999909,
      "selected_vienna_delta_kcal_mol": 0.0,
      "selected_mutations": 0,
      "proxy_wall_seconds": 0.04208271499999228
    },
    {
      "input_id": "synthetic_5000",
      "seed": 20261007,
      "policy": "compatibility_only",
      "planned_proposal_folds": 8,
      "attempted_proposal_folds": 8,
      "successful_proposal_folds": 8,
      "pool_candidates": 128,
      "proxy_evaluations": 0,
      "accepted_steps": 6,
      "search_status": "completed",
      "linearfold_delta_kcal_mol": -18.09999999999991,
      "selection_source": "finalist",
      "selection_reason": "confirmed_improvement",
      "candidate_vienna_delta_kcal_mol": -5.900000000000091,
      "selected_vienna_delta_kcal_mol": -5.900000000000091,
      "selected_mutations": 12,
      "proxy_wall_seconds": 0.04151527899978191
    },
    {
      "input_id": "synthetic_5000",
      "seed": 20261007,
      "policy": "checkpoint_prior",
      "planned_proposal_folds": 8,
      "attempted_proposal_folds": 8,
      "successful_proposal_folds": 8,
      "pool_candidates": 128,
      "proxy_evaluations": 128,
      "accepted_steps": 6,
      "search_status": "completed",
      "linearfold_delta_kcal_mol": -17.899999999999864,
      "selection_source": "finalist",
      "selection_reason": "confirmed_improvement",
      "candidate_vienna_delta_kcal_mol": -7.0,
      "selected_vienna_delta_kcal_mol": -7.0,
      "selected_mutations": 12,
      "proxy_wall_seconds": 2.239907935000133
    },
    {
      "input_id": "synthetic_10000",
      "seed": 20261006,
      "policy": "random_pool",
      "planned_proposal_folds": 8,
      "attempted_proposal_folds": 8,
      "successful_proposal_folds": 8,
      "pool_candidates": 128,
      "proxy_evaluations": 0,
      "accepted_steps": 4,
      "search_status": "completed",
      "linearfold_delta_kcal_mol": -14.300000000000182,
      "selection_source": "input",
      "selection_reason": "validation_failed",
      "candidate_vienna_delta_kcal_mol": null,
      "selected_vienna_delta_kcal_mol": null,
      "selected_mutations": 0,
      "proxy_wall_seconds": 0.07618471699993279
    },
    {
      "input_id": "synthetic_10000",
      "seed": 20261006,
      "policy": "compatibility_only",
      "planned_proposal_folds": 8,
      "attempted_proposal_folds": 8,
      "successful_proposal_folds": 8,
      "pool_candidates": 128,
      "proxy_evaluations": 0,
      "accepted_steps": 6,
      "search_status": "completed",
      "linearfold_delta_kcal_mol": -49.70000000000027,
      "selection_source": "input",
      "selection_reason": "validation_failed",
      "candidate_vienna_delta_kcal_mol": null,
      "selected_vienna_delta_kcal_mol": null,
      "selected_mutations": 0,
      "proxy_wall_seconds": 0.07950649799988696
    },
    {
      "input_id": "synthetic_10000",
      "seed": 20261006,
      "policy": "checkpoint_prior",
      "planned_proposal_folds": 8,
      "attempted_proposal_folds": 8,
      "successful_proposal_folds": 8,
      "pool_candidates": 128,
      "proxy_evaluations": 128,
      "accepted_steps": 4,
      "search_status": "completed",
      "linearfold_delta_kcal_mol": -36.0,
      "selection_source": "input",
      "selection_reason": "validation_failed",
      "candidate_vienna_delta_kcal_mol": null,
      "selected_vienna_delta_kcal_mol": null,
      "selected_mutations": 0,
      "proxy_wall_seconds": 2.91206109999996
    },
    {
      "input_id": "synthetic_10000",
      "seed": 20261007,
      "policy": "random_pool",
      "planned_proposal_folds": 8,
      "attempted_proposal_folds": 8,
      "successful_proposal_folds": 8,
      "pool_candidates": 128,
      "proxy_evaluations": 0,
      "accepted_steps": 4,
      "search_status": "completed",
      "linearfold_delta_kcal_mol": -20.300000000000182,
      "selection_source": "input",
      "selection_reason": "validation_failed",
      "candidate_vienna_delta_kcal_mol": null,
      "selected_vienna_delta_kcal_mol": null,
      "selected_mutations": 0,
      "proxy_wall_seconds": 0.0737057549997644
    },
    {
      "input_id": "synthetic_10000",
      "seed": 20261007,
      "policy": "compatibility_only",
      "planned_proposal_folds": 8,
      "attempted_proposal_folds": 8,
      "successful_proposal_folds": 8,
      "pool_candidates": 128,
      "proxy_evaluations": 0,
      "accepted_steps": 5,
      "search_status": "completed",
      "linearfold_delta_kcal_mol": -32.100000000000364,
      "selection_source": "input",
      "selection_reason": "validation_failed",
      "candidate_vienna_delta_kcal_mol": null,
      "selected_vienna_delta_kcal_mol": null,
      "selected_mutations": 0,
      "proxy_wall_seconds": 0.07726222499991309
    },
    {
      "input_id": "synthetic_10000",
      "seed": 20261007,
      "policy": "checkpoint_prior",
      "planned_proposal_folds": 8,
      "attempted_proposal_folds": 8,
      "successful_proposal_folds": 8,
      "pool_candidates": 128,
      "proxy_evaluations": 128,
      "accepted_steps": 5,
      "search_status": "completed",
      "linearfold_delta_kcal_mol": -35.5,
      "selection_source": "input",
      "selection_reason": "validation_failed",
      "candidate_vienna_delta_kcal_mol": null,
      "selected_vienna_delta_kcal_mol": null,
      "selected_mutations": 0,
      "proxy_wall_seconds": 2.752757035999821
    }
  ],
  "equal_native_proposal_budget_measured": true,
  "unique_native_requests": 198,
  "unknown_native_requests": 0,
  "known_native_wall_seconds": 1002.7988494480003,
  "completed_proxy_calls_across_attempts": 768,
  "known_proxy_wall_seconds_across_attempts": 4.171474423999996,
  "limitations": [
    "Three previously exposed synthetic inputs and two search seeds; repeated seeds share inputs and are not independent biological samples.",
    "Descriptive native-energy/proposal-ranking comparison only; no accuracy evaluation, fitting, generalization or biological stability claim.",
    "Equal planned native requests do not imply equal wall time or proxy costs. Failed and timeout folds retain their request denominator.",
    "Audit proxy replay costs are excluded from experimental search cost; incomplete attempts may add unknown proxy work."
  ]
}
