Helix replica 1/6: {'input_index': 0, 'seed': 20261006}
Checkpoint-prior audit passed:3 exact constrained trajectories, 33 native requests, pool/checkpoint logits, selections, exposures and budget denominators verified. No accuracy test or fitting.
Helix replica 2/6: {'input_index': 0, 'seed': 20261007}
Checkpoint-prior audit passed:3 exact constrained trajectories, 33 native requests, pool/checkpoint logits, selections, exposures and budget denominators verified. No accuracy test or fitting.
Helix replica 3/6: {'input_index': 1, 'seed': 20261006}
Checkpoint-prior audit passed:3 exact constrained trajectories, 33 native requests, pool/checkpoint logits, selections, exposures and budget denominators verified. No accuracy test or fitting.
Helix replica 4/6: {'input_index': 1, 'seed': 20261007}
Checkpoint-prior audit passed:3 exact constrained trajectories, 33 native requests, pool/checkpoint logits, selections, exposures and budget denominators verified. No accuracy test or fitting.
Helix replica 5/6: {'input_index': 2, 'seed': 20261006}
Checkpoint-prior audit passed:3 exact constrained trajectories, 33 native requests, pool/checkpoint logits, selections, exposures and budget denominators verified. No accuracy test or fitting.
Helix replica 6/6: {'input_index': 2, 'seed': 20261007}
Checkpoint-prior audit passed:3 exact constrained trajectories, 33 native requests, pool/checkpoint logits, selections, exposures and budget denominators verified. No accuracy test or fitting.
{
  "complete": true,
  "run_dir": "/home/zyliu/Documents/rna-stable-ai/results/helix_prior_replication_runs/20261007T015942.325358Z",
  "manifest_sha256": "d44e25a5b1bc33e61fdff1af392bc09de4557e6240509332c3af145d8b2f3df1",
  "plan": [
    {
      "input_index": 0,
      "seed": 20261006
    },
    {
      "input_index": 0,
      "seed": 20261007
    },
    {
      "input_index": 1,
      "seed": 20261006
    },
    {
      "input_index": 1,
      "seed": 20261007
    },
    {
      "input_index": 2,
      "seed": 20261006
    },
    {
      "input_index": 2,
      "seed": 20261007
    }
  ],
  "test_accuracy_evaluated": false,
  "model_fitted": false,
  "components": [
    {
      "summary": "/home/zyliu/Documents/rna-stable-ai/results/helix_prior_replication_runs/20261007T015942.325358Z/snapshot/results/checkpoint_prior_pilot_runs/20261007T015942.567700Z/summary.json",
      "sha256": "b9fc0052fcbdfd0c971d21bc2759a1176939c79416a3b3e2fbfdb236eddf1c10"
    },
    {
      "summary": "/home/zyliu/Documents/rna-stable-ai/results/helix_prior_replication_runs/20261007T015942.325358Z/snapshot/results/checkpoint_prior_pilot_runs/20261007T020006.292358Z/summary.json",
      "sha256": "9eb1c7bbbbc6a5af0f930569928f332ee59f4c042b0563d0902c8d405a4b4d54"
    },
    {
      "summary": "/home/zyliu/Documents/rna-stable-ai/results/helix_prior_replication_runs/20261007T015942.325358Z/snapshot/results/checkpoint_prior_pilot_runs/20261007T020029.883702Z/summary.json",
      "sha256": "c262057c853d5b53a25cc215e9ca82ae0de4567b3d238160b9a3fb83b794c007"
    },
    {
      "summary": "/home/zyliu/Documents/rna-stable-ai/results/helix_prior_replication_runs/20261007T015942.325358Z/snapshot/results/checkpoint_prior_pilot_runs/20261007T020400.749199Z/summary.json",
      "sha256": "57e04c4b3248e528062beebaede94c524aad2a091d23f9a0e91818f56104d8b6"
    },
    {
      "summary": "/home/zyliu/Documents/rna-stable-ai/results/helix_prior_replication_runs/20261007T015942.325358Z/snapshot/results/checkpoint_prior_pilot_runs/20261007T020742.304101Z/summary.json",
      "sha256": "018340267fe2640bbc932da7ee7a0560f6591735151f4e8b33c3b31cc39dbd09"
    },
    {
      "summary": "/home/zyliu/Documents/rna-stable-ai/results/helix_prior_replication_runs/20261007T015942.325358Z/snapshot/results/checkpoint_prior_pilot_runs/20261007T022324.076465Z/summary.json",
      "sha256": "2f8e132bf27e3bdf1b3142af050159ef1881f0448c739c2c0ed4757cfefadaa8"
    }
  ],
  "rows": [
    {
      "input_id": "synthetic_1000",
      "seed": 20261006,
      "policy": "random_pool",
      "planned_proposal_folds": 8,
      "attempted_proposal_folds": 8,
      "successful_proposal_folds": 8,
      "pool_candidates": 128,
      "proxy_evaluations": 0,
      "accepted_steps": 6,
      "search_status": "completed",
      "linearfold_delta_kcal_mol": -15.299999999999955,
      "selection_source": "finalist",
      "selection_reason": "confirmed_improvement",
      "candidate_vienna_delta_kcal_mol": -11.0,
      "selected_vienna_delta_kcal_mol": -11.0,
      "selected_mutations": 12,
      "proxy_wall_seconds": 0.011351495999406325
    },
    {
      "input_id": "synthetic_1000",
      "seed": 20261006,
      "policy": "compatibility_only",
      "planned_proposal_folds": 8,
      "attempted_proposal_folds": 8,
      "successful_proposal_folds": 8,
      "pool_candidates": 128,
      "proxy_evaluations": 0,
      "accepted_steps": 4,
      "search_status": "completed",
      "linearfold_delta_kcal_mol": -12.299999999999955,
      "selection_source": "finalist",
      "selection_reason": "confirmed_improvement",
      "candidate_vienna_delta_kcal_mol": -8.400000000000034,
      "selected_vienna_delta_kcal_mol": -8.400000000000034,
      "selected_mutations": 8,
      "proxy_wall_seconds": 0.00974779599937392
    },
    {
      "input_id": "synthetic_1000",
      "seed": 20261006,
      "policy": "checkpoint_prior",
      "planned_proposal_folds": 8,
      "attempted_proposal_folds": 8,
      "successful_proposal_folds": 8,
      "pool_candidates": 128,
      "proxy_evaluations": 128,
      "accepted_steps": 7,
      "search_status": "completed",
      "linearfold_delta_kcal_mol": -24.899999999999977,
      "selection_source": "finalist",
      "selection_reason": "confirmed_improvement",
      "candidate_vienna_delta_kcal_mol": -21.0,
      "selected_vienna_delta_kcal_mol": -21.0,
      "selected_mutations": 14,
      "proxy_wall_seconds": 2.120975883999563
    },
    {
      "input_id": "synthetic_1000",
      "seed": 20261007,
      "policy": "random_pool",
      "planned_proposal_folds": 8,
      "attempted_proposal_folds": 8,
      "successful_proposal_folds": 8,
      "pool_candidates": 128,
      "proxy_evaluations": 0,
      "accepted_steps": 4,
      "search_status": "completed",
      "linearfold_delta_kcal_mol": -9.699999999999989,
      "selection_source": "finalist",
      "selection_reason": "confirmed_improvement",
      "candidate_vienna_delta_kcal_mol": -5.400000000000034,
      "selected_vienna_delta_kcal_mol": -5.400000000000034,
      "selected_mutations": 8,
      "proxy_wall_seconds": 0.00998870099965643
    },
    {
      "input_id": "synthetic_1000",
      "seed": 20261007,
      "policy": "compatibility_only",
      "planned_proposal_folds": 8,
      "attempted_proposal_folds": 8,
      "successful_proposal_folds": 8,
      "pool_candidates": 128,
      "proxy_evaluations": 0,
      "accepted_steps": 6,
      "search_status": "completed",
      "linearfold_delta_kcal_mol": -16.299999999999955,
      "selection_source": "finalist",
      "selection_reason": "confirmed_improvement",
      "candidate_vienna_delta_kcal_mol": -12.0,
      "selected_vienna_delta_kcal_mol": -12.0,
      "selected_mutations": 12,
      "proxy_wall_seconds": 0.009642686000006506
    },
    {
      "input_id": "synthetic_1000",
      "seed": 20261007,
      "policy": "checkpoint_prior",
      "planned_proposal_folds": 8,
      "attempted_proposal_folds": 8,
      "successful_proposal_folds": 8,
      "pool_candidates": 128,
      "proxy_evaluations": 128,
      "accepted_steps": 8,
      "search_status": "completed",
      "linearfold_delta_kcal_mol": -21.599999999999966,
      "selection_source": "finalist",
      "selection_reason": "confirmed_improvement",
      "candidate_vienna_delta_kcal_mol": -17.30000000000001,
      "selected_vienna_delta_kcal_mol": -17.30000000000001,
      "selected_mutations": 16,
      "proxy_wall_seconds": 1.9915087490007863
    },
    {
      "input_id": "synthetic_5000",
      "seed": 20261006,
      "policy": "random_pool",
      "planned_proposal_folds": 8,
      "attempted_proposal_folds": 8,
      "successful_proposal_folds": 8,
      "pool_candidates": 128,
      "proxy_evaluations": 0,
      "accepted_steps": 4,
      "search_status": "completed",
      "linearfold_delta_kcal_mol": -20.0,
      "selection_source": "input",
      "selection_reason": "no_reference_improvement",
      "candidate_vienna_delta_kcal_mol": 1.7999999999999545,
      "selected_vienna_delta_kcal_mol": 0.0,
      "selected_mutations": 0,
      "proxy_wall_seconds": 0.047075889000552706
    },
    {
      "input_id": "synthetic_5000",
      "seed": 20261006,
      "policy": "compatibility_only",
      "planned_proposal_folds": 8,
      "attempted_proposal_folds": 8,
      "successful_proposal_folds": 8,
      "pool_candidates": 128,
      "proxy_evaluations": 0,
      "accepted_steps": 3,
      "search_status": "completed",
      "linearfold_delta_kcal_mol": -2.7999999999999545,
      "selection_source": "finalist",
      "selection_reason": "confirmed_improvement",
      "candidate_vienna_delta_kcal_mol": -2.7000000000000455,
      "selected_vienna_delta_kcal_mol": -2.7000000000000455,
      "selected_mutations": 6,
      "proxy_wall_seconds": 0.043928785999924
    },
    {
      "input_id": "synthetic_5000",
      "seed": 20261006,
      "policy": "checkpoint_prior",
      "planned_proposal_folds": 8,
      "attempted_proposal_folds": 8,
      "successful_proposal_folds": 8,
      "pool_candidates": 128,
      "proxy_evaluations": 128,
      "accepted_steps": 2,
      "search_status": "completed",
      "linearfold_delta_kcal_mol": -16.700000000000045,
      "selection_source": "finalist",
      "selection_reason": "confirmed_improvement",
      "candidate_vienna_delta_kcal_mol": -2.800000000000182,
      "selected_vienna_delta_kcal_mol": -2.800000000000182,
      "selected_mutations": 4,
      "proxy_wall_seconds": 2.316312426998593
    },
    {
      "input_id": "synthetic_5000",
      "seed": 20261007,
      "policy": "random_pool",
      "planned_proposal_folds": 8,
      "attempted_proposal_folds": 8,
      "successful_proposal_folds": 8,
      "pool_candidates": 128,
      "proxy_evaluations": 0,
      "accepted_steps": 4,
      "search_status": "completed",
      "linearfold_delta_kcal_mol": -26.399999999999864,
      "selection_source": "input",
      "selection_reason": "no_reference_improvement",
      "candidate_vienna_delta_kcal_mol": 2.599999999999909,
      "selected_vienna_delta_kcal_mol": 0.0,
      "selected_mutations": 0,
      "proxy_wall_seconds": 0.04509584500101482
    },
    {
      "input_id": "synthetic_5000",
      "seed": 20261007,
      "policy": "compatibility_only",
      "planned_proposal_folds": 8,
      "attempted_proposal_folds": 8,
      "successful_proposal_folds": 8,
      "pool_candidates": 128,
      "proxy_evaluations": 0,
      "accepted_steps": 6,
      "search_status": "completed",
      "linearfold_delta_kcal_mol": -18.09999999999991,
      "selection_source": "finalist",
      "selection_reason": "confirmed_improvement",
      "candidate_vienna_delta_kcal_mol": -5.900000000000091,
      "selected_vienna_delta_kcal_mol": -5.900000000000091,
      "selected_mutations": 12,
      "proxy_wall_seconds": 0.0461776740012283
    },
    {
      "input_id": "synthetic_5000",
      "seed": 20261007,
      "policy": "checkpoint_prior",
      "planned_proposal_folds": 8,
      "attempted_proposal_folds": 8,
      "successful_proposal_folds": 8,
      "pool_candidates": 128,
      "proxy_evaluations": 128,
      "accepted_steps": 5,
      "search_status": "completed",
      "linearfold_delta_kcal_mol": -29.299999999999955,
      "selection_source": "finalist",
      "selection_reason": "confirmed_improvement",
      "candidate_vienna_delta_kcal_mol": -13.600000000000136,
      "selected_vienna_delta_kcal_mol": -13.600000000000136,
      "selected_mutations": 10,
      "proxy_wall_seconds": 2.464774192999357
    },
    {
      "input_id": "synthetic_10000",
      "seed": 20261006,
      "policy": "random_pool",
      "planned_proposal_folds": 8,
      "attempted_proposal_folds": 8,
      "successful_proposal_folds": 8,
      "pool_candidates": 128,
      "proxy_evaluations": 0,
      "accepted_steps": 4,
      "search_status": "completed",
      "linearfold_delta_kcal_mol": -14.300000000000182,
      "selection_source": "input",
      "selection_reason": "no_reference_improvement",
      "candidate_vienna_delta_kcal_mol": 5.0,
      "selected_vienna_delta_kcal_mol": 0.0,
      "selected_mutations": 0,
      "proxy_wall_seconds": 0.07644723099838302
    },
    {
      "input_id": "synthetic_10000",
      "seed": 20261006,
      "policy": "compatibility_only",
      "planned_proposal_folds": 8,
      "attempted_proposal_folds": 8,
      "successful_proposal_folds": 8,
      "pool_candidates": 128,
      "proxy_evaluations": 0,
      "accepted_steps": 6,
      "search_status": "completed",
      "linearfold_delta_kcal_mol": -49.70000000000027,
      "selection_source": "finalist",
      "selection_reason": "confirmed_improvement",
      "candidate_vienna_delta_kcal_mol": -6.099999999999909,
      "selected_vienna_delta_kcal_mol": -6.099999999999909,
      "selected_mutations": 12,
      "proxy_wall_seconds": 0.07752171400079533
    },
    {
      "input_id": "synthetic_10000",
      "seed": 20261006,
      "policy": "checkpoint_prior",
      "planned_proposal_folds": 8,
      "attempted_proposal_folds": 8,
      "successful_proposal_folds": 8,
      "pool_candidates": 128,
      "proxy_evaluations": 128,
      "accepted_steps": 5,
      "search_status": "completed",
      "linearfold_delta_kcal_mol": -53.600000000000364,
      "selection_source": "finalist",
      "selection_reason": "confirmed_improvement",
      "candidate_vienna_delta_kcal_mol": -5.899999999999636,
      "selected_vienna_delta_kcal_mol": -5.899999999999636,
      "selected_mutations": 10,
      "proxy_wall_seconds": 3.265127932001633
    },
    {
      "input_id": "synthetic_10000",
      "seed": 20261007,
      "policy": "random_pool",
      "planned_proposal_folds": 8,
      "attempted_proposal_folds": 8,
      "successful_proposal_folds": 8,
      "pool_candidates": 128,
      "proxy_evaluations": 0,
      "accepted_steps": 4,
      "search_status": "completed",
      "linearfold_delta_kcal_mol": -20.300000000000182,
      "selection_source": "input",
      "selection_reason": "no_reference_improvement",
      "candidate_vienna_delta_kcal_mol": 0.40000000000009095,
      "selected_vienna_delta_kcal_mol": 0.0,
      "selected_mutations": 0,
      "proxy_wall_seconds": 0.0866760040016743
    },
    {
      "input_id": "synthetic_10000",
      "seed": 20261007,
      "policy": "compatibility_only",
      "planned_proposal_folds": 8,
      "attempted_proposal_folds": 8,
      "successful_proposal_folds": 8,
      "pool_candidates": 128,
      "proxy_evaluations": 0,
      "accepted_steps": 5,
      "search_status": "completed",
      "linearfold_delta_kcal_mol": -32.100000000000364,
      "selection_source": "finalist",
      "selection_reason": "confirmed_improvement",
      "candidate_vienna_delta_kcal_mol": -5.299999999999727,
      "selected_vienna_delta_kcal_mol": -5.299999999999727,
      "selected_mutations": 10,
      "proxy_wall_seconds": 0.08600171899979614
    },
    {
      "input_id": "synthetic_10000",
      "seed": 20261007,
      "policy": "checkpoint_prior",
      "planned_proposal_folds": 8,
      "attempted_proposal_folds": 8,
      "successful_proposal_folds": 8,
      "pool_candidates": 128,
      "proxy_evaluations": 128,
      "accepted_steps": 6,
      "search_status": "completed",
      "linearfold_delta_kcal_mol": -30.90000000000009,
      "selection_source": "finalist",
      "selection_reason": "confirmed_improvement",
      "candidate_vienna_delta_kcal_mol": -17.899999999999636,
      "selected_vienna_delta_kcal_mol": -17.899999999999636,
      "selected_mutations": 12,
      "proxy_wall_seconds": 2.951464854000733
    }
  ],
  "unique_native_requests": 198,
  "unknown_native_requests": 0,
  "known_native_wall_seconds": 2267.186447288998,
  "completed_proxy_calls_across_attempts": 768,
  "known_proxy_wall_seconds_across_attempts": 4.77434217300106,
  "equal_native_proposal_budget_measured": true,
  "limitations": [
    "Previously exposed synthetic sequences and two search seeds; no fresh accuracy test, biological assay or generalization claim.",
    "Helix checkpoint replaces the prior; the other proposal-ranking and mutation settings remain fixed. Vienna final validation is explicitly extended from30 to300 seconds for every arm.",
    "The earlier stack replication used30-second finalist validation; compare the separately extended10k stack selections with this study, not its original timeouts.",
    "Code is frozen for all components. Native requests run serially within the study, but other development checks may overlap; timings are observations, not isolated speed benchmarks.",
    "Unknown or interrupted native requests are retained in denominators and never automatically retried. Deadline may leave a partial study."
  ]
}
