Context epoch 1/10: loss 3.9957, reused validation F1 0.3928
Context epoch 2/10: loss 2.6942, reused validation F1 0.4500
Context epoch 3/10: loss 2.5656, reused validation F1 0.4572
Context epoch 4/10: loss 2.5159, reused validation F1 0.4944
Context epoch 5/10: loss 2.3935, reused validation F1 0.5251
Context epoch 6/10: loss 2.2889, reused validation F1 0.4927
Context epoch 7/10: loss 2.1557, reused validation F1 0.5184
Context epoch 8/10: loss 2.0611, reused validation F1 0.4880
Context epoch 9/10: loss 2.0007, reused validation F1 0.4315
Context epoch 10/10: loss 1.9256, reused validation F1 0.4627
{
  "run_dir": "/home/zyliu/Documents/rna-stable-ai/results/population_development_runs/20261007T015651.055902Z/sampling_20261006/results/reference_runs/20261007T015707.705765Z",
  "dataset_id": "expanded_comparative_validation",
  "aggregates": [
    {
      "method": "trained_population_helix_sparse",
      "reference_kind": "computational",
      "planned_inputs": 35,
      "measured_inputs": 35,
      "missing_inputs": 0,
      "failed_inputs": 0,
      "status_counts": {
        "ok": 35
      },
      "mean_pair_precision": 0.4285663437946461,
      "mean_pair_recall": 0.5065008114392021,
      "mean_pair_f1": 0.4629411714000755
    },
    {
      "method": "trained_population_helix_sparse",
      "reference_kind": "experimental",
      "planned_inputs": 12,
      "measured_inputs": 12,
      "missing_inputs": 0,
      "failed_inputs": 0,
      "status_counts": {
        "ok": 12
      },
      "mean_pair_precision": 0.6626135438635439,
      "mean_pair_recall": 0.7595598845598847,
      "mean_pair_f1": 0.7065040460628697
    },
    {
      "method": "untrained_population_helix_sparse",
      "reference_kind": "computational",
      "planned_inputs": 35,
      "measured_inputs": 35,
      "missing_inputs": 0,
      "failed_inputs": 0,
      "status_counts": {
        "ok": 35
      },
      "mean_pair_precision": 0.060399103400330945,
      "mean_pair_recall": 0.06777999250591034,
      "mean_pair_f1": 0.06382743292847529
    },
    {
      "method": "untrained_population_helix_sparse",
      "reference_kind": "experimental",
      "planned_inputs": 12,
      "measured_inputs": 12,
      "missing_inputs": 0,
      "failed_inputs": 0,
      "status_counts": {
        "ok": 12
      },
      "mean_pair_precision": 0.3075727513227513,
      "mean_pair_recall": 0.3611111111111111,
      "mean_pair_f1": 0.33154372860255216
    }
  ]
}
Context epoch 1/10: loss 3.9961, reused validation F1 0.3934
Context epoch 2/10: loss 2.6948, reused validation F1 0.4544
Context epoch 3/10: loss 2.5659, reused validation F1 0.4625
Context epoch 4/10: loss 2.5152, reused validation F1 0.4999
Context epoch 5/10: loss 2.3937, reused validation F1 0.5196
Context epoch 6/10: loss 2.2890, reused validation F1 0.4904
Context epoch 7/10: loss 2.1524, reused validation F1 0.5106
Context epoch 8/10: loss 2.0566, reused validation F1 0.4777
Context epoch 9/10: loss 1.9971, reused validation F1 0.4442
Context epoch 10/10: loss 1.9225, reused validation F1 0.4681
{
  "run_dir": "/home/zyliu/Documents/rna-stable-ai/results/population_development_runs/20261007T015651.055902Z/sampling_20261007/results/reference_runs/20261007T015722.879189Z",
  "dataset_id": "expanded_comparative_validation",
  "aggregates": [
    {
      "method": "trained_population_helix_sparse",
      "reference_kind": "computational",
      "planned_inputs": 35,
      "measured_inputs": 35,
      "missing_inputs": 0,
      "failed_inputs": 0,
      "status_counts": {
        "ok": 35
      },
      "mean_pair_precision": 0.42503282576976703,
      "mean_pair_recall": 0.5030816813946842,
      "mean_pair_f1": 0.459547302094517
    },
    {
      "method": "trained_population_helix_sparse",
      "reference_kind": "experimental",
      "planned_inputs": 12,
      "measured_inputs": 12,
      "missing_inputs": 0,
      "failed_inputs": 0,
      "status_counts": {
        "ok": 12
      },
      "mean_pair_precision": 0.6507087819587819,
      "mean_pair_recall": 0.7476551226551226,
      "mean_pair_f1": 0.6945992841581076
    },
    {
      "method": "untrained_population_helix_sparse",
      "reference_kind": "computational",
      "planned_inputs": 35,
      "measured_inputs": 35,
      "missing_inputs": 0,
      "failed_inputs": 0,
      "status_counts": {
        "ok": 35
      },
      "mean_pair_precision": 0.060399103400330945,
      "mean_pair_recall": 0.06777999250591034,
      "mean_pair_f1": 0.06382743292847529
    },
    {
      "method": "untrained_population_helix_sparse",
      "reference_kind": "experimental",
      "planned_inputs": 12,
      "measured_inputs": 12,
      "missing_inputs": 0,
      "failed_inputs": 0,
      "status_counts": {
        "ok": 12
      },
      "mean_pair_precision": 0.3075727513227513,
      "mean_pair_recall": 0.3611111111111111,
      "mean_pair_f1": 0.33154372860255216
    }
  ]
}
Context epoch 1/10: loss 3.9953, reused validation F1 0.3955
Context epoch 2/10: loss 2.6936, reused validation F1 0.4507
Context epoch 3/10: loss 2.5654, reused validation F1 0.4642
Context epoch 4/10: loss 2.5230, reused validation F1 0.4887
Context epoch 5/10: loss 2.3868, reused validation F1 0.5245
Context epoch 6/10: loss 2.2843, reused validation F1 0.5082
Context epoch 7/10: loss 2.1543, reused validation F1 0.5020
Context epoch 8/10: loss 2.0578, reused validation F1 0.4750
Context epoch 9/10: loss 2.0092, reused validation F1 0.4344
Context epoch 10/10: loss 1.9561, reused validation F1 0.4650
{
  "run_dir": "/home/zyliu/Documents/rna-stable-ai/results/population_development_runs/20261007T015651.055902Z/sampling_20261008/results/reference_runs/20261007T015738.182036Z",
  "dataset_id": "expanded_comparative_validation",
  "aggregates": [
    {
      "method": "trained_population_helix_sparse",
      "reference_kind": "computational",
      "planned_inputs": 35,
      "measured_inputs": 35,
      "missing_inputs": 0,
      "failed_inputs": 0,
      "status_counts": {
        "ok": 35
      },
      "mean_pair_precision": 0.42795629185255335,
      "mean_pair_recall": 0.5052856773744276,
      "mean_pair_f1": 0.46209797844460293
    },
    {
      "method": "trained_population_helix_sparse",
      "reference_kind": "experimental",
      "planned_inputs": 12,
      "measured_inputs": 12,
      "missing_inputs": 0,
      "failed_inputs": 0,
      "status_counts": {
        "ok": 12
      },
      "mean_pair_precision": 0.6626135438635439,
      "mean_pair_recall": 0.7595598845598847,
      "mean_pair_f1": 0.7065040460628697
    },
    {
      "method": "untrained_population_helix_sparse",
      "reference_kind": "computational",
      "planned_inputs": 35,
      "measured_inputs": 35,
      "missing_inputs": 0,
      "failed_inputs": 0,
      "status_counts": {
        "ok": 35
      },
      "mean_pair_precision": 0.060399103400330945,
      "mean_pair_recall": 0.06777999250591034,
      "mean_pair_f1": 0.06382743292847529
    },
    {
      "method": "untrained_population_helix_sparse",
      "reference_kind": "experimental",
      "planned_inputs": 12,
      "measured_inputs": 12,
      "missing_inputs": 0,
      "failed_inputs": 0,
      "status_counts": {
        "ok": 12
      },
      "mean_pair_precision": 0.3075727513227513,
      "mean_pair_recall": 0.3611111111111111,
      "mean_pair_f1": 0.33154372860255216
    }
  ]
}
{
  "complete": true,
  "test_evaluated": false,
  "run_dir": "/home/zyliu/Documents/rna-stable-ai/results/population_development_runs/20261007T015651.055902Z",
  "manifest_sha256": "bd103df11c3c4a1700bf248b35918ca5907abad284441593314ed3aee087c51d",
  "components": [
    {
      "path": "/home/zyliu/Documents/rna-stable-ai/results/population_development_runs/20261007T015651.055902Z/sampling_20261006/summary.json",
      "sha256": "cdb46000757fa5bf644f4ff37098cc92ea19697b6558a3788d8237f68ceb67ed"
    },
    {
      "path": "/home/zyliu/Documents/rna-stable-ai/results/population_development_runs/20261007T015651.055902Z/sampling_20261007/summary.json",
      "sha256": "73bd5221a23ee0de5c48ae277bbfea7678e6d8259a0ee9b08321df9e9b850a12"
    },
    {
      "path": "/home/zyliu/Documents/rna-stable-ai/results/population_development_runs/20261007T015651.055902Z/sampling_20261008/summary.json",
      "sha256": "fe00b6c782871b42d869fa21ba62a6dfcf63ae8cf3353c04709d2a04570df273"
    }
  ],
  "rows": [
    {
      "sampling_seed": 20261006,
      "model_seed": 20261006,
      "selected_epoch": 5,
      "validation_mean_pair_f1": 0.5251274372714272,
      "sampled_negative": 136538,
      "full_negative_population": 1180545,
      "sample_tensor_bytes": 2820000
    },
    {
      "sampling_seed": 20261007,
      "model_seed": 20261006,
      "selected_epoch": 5,
      "validation_mean_pair_f1": 0.5195605741107528,
      "sampled_negative": 136538,
      "full_negative_population": 1180545,
      "sample_tensor_bytes": 2820000
    },
    {
      "sampling_seed": 20261008,
      "model_seed": 20261006,
      "selected_epoch": 5,
      "validation_mean_pair_f1": 0.5244995276237349,
      "sampled_negative": 136538,
      "full_negative_population": 1180545,
      "sample_tensor_bytes": 2820000
    }
  ],
  "all_model_seeds": [
    20261006,
    20261006,
    20261006
  ],
  "full_supervision_control": {
    "path": "/home/zyliu/Documents/rna-stable-ai/results/helix_comparative_development_summary.json",
    "sha256": "e259030c64020cb9127a014697a2167fe06e2669adebbdef58ff67d23ec11989",
    "validation_mean_pair_f1": 0.5244233333981245
  },
  "limitations": [
    "Reused frozen89 train/47 validation records; no fresh test or generalization claim.",
    "Each fit reuses one draw across10 epochs; expectation-unbiased sampled loss does not imply equivalent optimization.",
    "Sampling seeds vary while model initialization remains fixed. No selection over sampling seeds is performed.",
    "Exact decoding/full validation remain bounded to1024nt; long synthetic sampling does not establish long biological accuracy."
  ]
}
