Context epoch 1/10: loss 3.9956, reused validation F1 0.3957
Context epoch 2/10: loss 2.6940, reused validation F1 0.4521
Context epoch 3/10: loss 2.5654, reused validation F1 0.4662
Context epoch 4/10: loss 2.5221, reused validation F1 0.4947
Context epoch 5/10: loss 2.3894, reused validation F1 0.5244
Context epoch 6/10: loss 2.2861, reused validation F1 0.5015
Context epoch 7/10: loss 2.1524, reused validation F1 0.5235
Context epoch 8/10: loss 2.0575, reused validation F1 0.4848
Context epoch 9/10: loss 2.0046, reused validation F1 0.4410
Context epoch 10/10: loss 1.9566, reused validation F1 0.4706
{
  "run_dir": "/home/zyliu/Documents/rna-stable-ai/results/pair_head_development_study_runs/20261007T013117.730433Z/components/20261006_helix/results/reference_runs/20261007T013217.104451Z",
  "dataset_id": "expanded_comparative_validation",
  "aggregates": [
    {
      "method": "trained_helix_sparse",
      "reference_kind": "computational",
      "planned_inputs": 35,
      "measured_inputs": 35,
      "missing_inputs": 0,
      "failed_inputs": 0,
      "status_counts": {
        "ok": 35
      },
      "mean_pair_precision": 0.42704696310264134,
      "mean_pair_recall": 0.5061862778784154,
      "mean_pair_f1": 0.46199566048449764
    },
    {
      "method": "trained_helix_sparse",
      "reference_kind": "experimental",
      "planned_inputs": 12,
      "measured_inputs": 12,
      "missing_inputs": 0,
      "failed_inputs": 0,
      "status_counts": {
        "ok": 12
      },
      "mean_pair_precision": 0.6626135438635439,
      "mean_pair_recall": 0.7595598845598847,
      "mean_pair_f1": 0.7065040460628697
    },
    {
      "method": "untrained_helix_sparse",
      "reference_kind": "computational",
      "planned_inputs": 35,
      "measured_inputs": 35,
      "missing_inputs": 0,
      "failed_inputs": 0,
      "status_counts": {
        "ok": 35
      },
      "mean_pair_precision": 0.060399103400330945,
      "mean_pair_recall": 0.06777999250591034,
      "mean_pair_f1": 0.06382743292847529
    },
    {
      "method": "untrained_helix_sparse",
      "reference_kind": "experimental",
      "planned_inputs": 12,
      "measured_inputs": 12,
      "missing_inputs": 0,
      "failed_inputs": 0,
      "status_counts": {
        "ok": 12
      },
      "mean_pair_precision": 0.3075727513227513,
      "mean_pair_recall": 0.3611111111111111,
      "mean_pair_f1": 0.33154372860255216
    }
  ]
}

STDERR:
