Context epoch 1/10: loss 4.1757, reused validation F1 0.3942
Context epoch 2/10: loss 2.7775, reused validation F1 0.4036
Context epoch 3/10: loss 2.6520, reused validation F1 0.3732
Context epoch 4/10: loss 2.5738, reused validation F1 0.4055
Context epoch 5/10: loss 2.5447, reused validation F1 0.3939
Context epoch 6/10: loss 2.4141, reused validation F1 0.3554
Context epoch 7/10: loss 2.3544, reused validation F1 0.2709
Context epoch 8/10: loss 2.3590, reused validation F1 0.3248
Context epoch 9/10: loss 2.2643, reused validation F1 0.3849
Context epoch 10/10: loss 2.1713, reused validation F1 0.3054
{
  "run_dir": "/home/zyliu/Documents/rna-stable-ai/results/pair_head_development_study_runs/20261007T013117.730433Z/components/20261008_stack/results/reference_runs/20261007T013355.537511Z",
  "dataset_id": "expanded_comparative_validation",
  "aggregates": [
    {
      "method": "trained_stack_sparse",
      "reference_kind": "computational",
      "planned_inputs": 35,
      "measured_inputs": 35,
      "missing_inputs": 0,
      "failed_inputs": 0,
      "status_counts": {
        "ok": 35
      },
      "mean_pair_precision": 0.3052259973738554,
      "mean_pair_recall": 0.3500724878344443,
      "mean_pair_f1": 0.3223939619212809
    },
    {
      "method": "trained_stack_sparse",
      "reference_kind": "experimental",
      "planned_inputs": 12,
      "measured_inputs": 12,
      "missing_inputs": 0,
      "failed_inputs": 0,
      "status_counts": {
        "ok": 12
      },
      "mean_pair_precision": 0.6068946793946793,
      "mean_pair_recall": 0.698051948051948,
      "mean_pair_f1": 0.6480803716285569
    },
    {
      "method": "untrained_stack_sparse",
      "reference_kind": "computational",
      "planned_inputs": 35,
      "measured_inputs": 35,
      "missing_inputs": 0,
      "failed_inputs": 0,
      "status_counts": {
        "ok": 35
      },
      "mean_pair_precision": 0.0,
      "mean_pair_recall": 0.0,
      "mean_pair_f1": 0.0
    },
    {
      "method": "untrained_stack_sparse",
      "reference_kind": "experimental",
      "planned_inputs": 12,
      "measured_inputs": 12,
      "missing_inputs": 0,
      "failed_inputs": 0,
      "status_counts": {
        "ok": 12
      },
      "mean_pair_precision": 0.0,
      "mean_pair_recall": 0.0,
      "mean_pair_f1": 0.0
    }
  ]
}

STDERR:
