Context epoch 1/10: loss 4.6358, reused validation F1 0.2525
Context epoch 2/10: loss 2.7825, reused validation F1 0.3556
Context epoch 3/10: loss 2.6338, reused validation F1 0.3763
Context epoch 4/10: loss 2.7009, reused validation F1 0.3394
Context epoch 5/10: loss 2.5561, reused validation F1 0.2699
Context epoch 6/10: loss 2.4933, reused validation F1 0.3013
Context epoch 7/10: loss 2.3933, reused validation F1 0.2613
Context epoch 8/10: loss 2.2171, reused validation F1 0.2780
Context epoch 9/10: loss 2.3818, reused validation F1 0.3091
Context epoch 10/10: loss 2.4967, reused validation F1 0.3128
{
  "run_dir": "/home/zyliu/Documents/rna-stable-ai/results/pair_head_development_study_runs/20261007T013117.730433Z/components/20261007_baseline/results/reference_runs/20261007T013236.445407Z",
  "dataset_id": "expanded_comparative_validation",
  "aggregates": [
    {
      "method": "trained_exact_sparse",
      "reference_kind": "computational",
      "planned_inputs": 35,
      "measured_inputs": 35,
      "missing_inputs": 0,
      "failed_inputs": 0,
      "status_counts": {
        "ok": 35
      },
      "mean_pair_precision": 0.26110004361345396,
      "mean_pair_recall": 0.3056352940941717,
      "mean_pair_f1": 0.27851638971926945
    },
    {
      "method": "trained_exact_sparse",
      "reference_kind": "experimental",
      "planned_inputs": 12,
      "measured_inputs": 12,
      "missing_inputs": 0,
      "failed_inputs": 0,
      "status_counts": {
        "ok": 12
      },
      "mean_pair_precision": 0.6197151922151922,
      "mean_pair_recall": 0.7119408369408369,
      "mean_pair_f1": 0.6614137049618901
    },
    {
      "method": "untrained_exact_sparse",
      "reference_kind": "computational",
      "planned_inputs": 35,
      "measured_inputs": 35,
      "missing_inputs": 0,
      "failed_inputs": 0,
      "status_counts": {
        "ok": 35
      },
      "mean_pair_precision": 0.0,
      "mean_pair_recall": 0.0,
      "mean_pair_f1": 0.0
    },
    {
      "method": "untrained_exact_sparse",
      "reference_kind": "experimental",
      "planned_inputs": 12,
      "measured_inputs": 12,
      "missing_inputs": 0,
      "failed_inputs": 0,
      "status_counts": {
        "ok": 12
      },
      "mean_pair_precision": 0.0,
      "mean_pair_recall": 0.0,
      "mean_pair_f1": 0.0
    }
  ]
}

STDERR:
