Context epoch 1/10: loss 4.0701, reused validation F1 0.2580
Context epoch 2/10: loss 2.7756, reused validation F1 0.3164
Context epoch 3/10: loss 2.6768, reused validation F1 0.3885
Context epoch 4/10: loss 2.6531, reused validation F1 0.3243
Context epoch 5/10: loss 2.5643, reused validation F1 0.3431
Context epoch 6/10: loss 2.4879, reused validation F1 0.3530
Context epoch 7/10: loss 2.4084, reused validation F1 0.3118
Context epoch 8/10: loss 2.3040, reused validation F1 0.2852
Context epoch 9/10: loss 2.2756, reused validation F1 0.3165
Context epoch 10/10: loss 2.2947, reused validation F1 0.3425
{
  "run_dir": "/home/zyliu/Documents/rna-stable-ai/results/pair_head_development_study_runs/20261007T013117.730433Z/components/20261006_baseline/results/reference_runs/20261007T013132.913432Z",
  "dataset_id": "expanded_comparative_validation",
  "aggregates": [
    {
      "method": "trained_exact_sparse",
      "reference_kind": "computational",
      "planned_inputs": 35,
      "measured_inputs": 35,
      "missing_inputs": 0,
      "failed_inputs": 0,
      "status_counts": {
        "ok": 35
      },
      "mean_pair_precision": 0.2647869853812261,
      "mean_pair_recall": 0.31028173479701726,
      "mean_pair_f1": 0.28398885222358006
    },
    {
      "method": "trained_exact_sparse",
      "reference_kind": "experimental",
      "planned_inputs": 12,
      "measured_inputs": 12,
      "missing_inputs": 0,
      "failed_inputs": 0,
      "status_counts": {
        "ok": 12
      },
      "mean_pair_precision": 0.6500494412994413,
      "mean_pair_recall": 0.7456709956709956,
      "mean_pair_f1": 0.6933184668666521
    },
    {
      "method": "untrained_exact_sparse",
      "reference_kind": "computational",
      "planned_inputs": 35,
      "measured_inputs": 35,
      "missing_inputs": 0,
      "failed_inputs": 0,
      "status_counts": {
        "ok": 35
      },
      "mean_pair_precision": 0.060399103400330945,
      "mean_pair_recall": 0.06777999250591034,
      "mean_pair_f1": 0.06382743292847529
    },
    {
      "method": "untrained_exact_sparse",
      "reference_kind": "experimental",
      "planned_inputs": 12,
      "measured_inputs": 12,
      "missing_inputs": 0,
      "failed_inputs": 0,
      "status_counts": {
        "ok": 12
      },
      "mean_pair_precision": 0.3075727513227513,
      "mean_pair_recall": 0.3611111111111111,
      "mean_pair_f1": 0.33154372860255216
    }
  ]
}

STDERR:
